// Jest Snapshot v1, https://goo.gl/fbAQLP

exports[`<BusinessLogoEditor/> renders the editor 1`] = `
.c4 {
  width: 100%;
  padding: 12px 14px;
  background-color: white;
  border-radius: 18px;
  border: 2px solid #4881F0;
  color: #4881F0;
  cursor: pointer;
  font-size: 1rem;
  opacity: 100%;
  overflow: hidden;
  white-space: nowrap;
}

.c4:hover {
  opacity: 70%;
}

.c5 {
  width: 100%;
  padding: 12px 14px;
  background-color: #4881F0;
  border-radius: 18px;
  border: 2px solid white;
  color: white;
  cursor: pointer;
  font-size: 1rem;
  opacity: 100%;
  overflow: hidden;
  white-space: nowrap;
}

.c5:hover {
  opacity: 70%;
}

.c2 {
  display: -webkit-box;
  display: -webkit-flex;
  display: -ms-flexbox;
  display: flex;
  -webkit-align-items: center;
  -webkit-box-align: center;
  -ms-flex-align: center;
  align-items: center;
  color: #888;
  margin-top: 2rem;
  margin-bottom: 2rem;
  width: 100%;
}

.c2 .value {
  -webkit-flex: 1;
  -ms-flex: 1;
  flex: 1;
  font-size: 2rem;
}

.c2 .slider {
  -webkit-flex: 6;
  -ms-flex: 6;
  flex: 6;
  -webkit-appearance: none;
  width: 100%;
  height: 15px;
  border-radius: 5px;
  background: #efefef;
  outline: none;
}

.c2 .slider::-webkit-slider-thumb {
  -webkit-appearance: none;
  -webkit-appearance: none;
  -moz-appearance: none;
  appearance: none;
  width: 25px;
  height: 25px;
  background: #4881F0;
  border-radius: 50%;
  cursor: pointer;
  -webkit-transition: .2s;
  -webkit-transition: opacity .2s;
  transition: opacity .2s;
}

.c2 .slider::-moz-range-thumb {
  width: 25px;
  height: 25px;
  background: #4881F0;
  border-radius: 50%;
  cursor: pointer;
  -webkit-transition: .2s;
  -webkit-transition: opacity .2s;
  transition: opacity .2s;
}

.c0 {
  background: white;
}

.c1 {
  display: -webkit-box;
  display: -webkit-flex;
  display: -ms-flexbox;
  display: flex;
  -webkit-flex-direction: column;
  -ms-flex-direction: column;
  flex-direction: column;
  -webkit-align-items: center;
  -webkit-box-align: center;
  -ms-flex-align: center;
  align-items: center;
  padding: 30px;
}

.c3 {
  display: -webkit-box;
  display: -webkit-flex;
  display: -ms-flexbox;
  display: flex;
  -webkit-box-pack: justify;
  -webkit-justify-content: space-between;
  -ms-flex-pack: justify;
  justify-content: space-between;
  -webkit-align-items: center;
  -webkit-box-align: center;
  -ms-flex-align: center;
  align-items: center;
  margin-top: 30px;
  width: 100%;
}

<div
  className="c0"
>
  <div
    className="c1"
  >
    <div
      className="c2"
    >
      <input
        aria-labelledby="continuous-slider"
        className="slider"
        max={5}
        min={1}
        onChange={[Function]}
        step={0.001}
        type="range"
        value={1}
      />
    </div>
    <input
      id="file-upload"
      onChange={[Function]}
      style={
        Object {
          "textAlign": "right",
        }
      }
      type="file"
    />
    <div
      className="c3"
    >
      <button
        className="c4"
        id="cancel"
        onClick={[Function]}
      >
        Cancel
      </button>
      <button
        className="c5"
        id="save"
        onClick={[Function]}
        style={
          Object {
            "marginLeft": 15,
          }
        }
      >
        Save
      </button>
    </div>
    <div />
  </div>
</div>
`;
