// Jest Snapshot v1, https://goo.gl/fbAQLP

exports[`<Card/> renders correctly 1`] = `
.c0 {
  padding: 20px;
  box-shadow: 0px 3px 18px 5px rgba(0,0,0,0.14);
  background-color: white;
}

<div
  className="c0"
/>
`;
