// Jest Snapshot v1, https://goo.gl/fbAQLP

exports[`<CustomersTable/> renders correctly 1`] = `
.c7 {
  width: 100%;
  padding: 12px 14px;
  background-color: #4881F0;
  border-radius: 18px;
  border: 2px solid white;
  color: white;
  cursor: pointer;
  font-size: 1rem;
  opacity: 100%;
  overflow: hidden;
  white-space: nowrap;
}

.c7:hover {
  opacity: 70%;
}

.c0 {
  padding-left: 50px;
  width: 100%;
}

.c1 {
  padding-top: 30px;
  border-spacing: 0px 0px;
  borderCollapse: collapse;
  width: 100%;
}

.c3 {
  border-bottom: 2.75px solid #C4C4C4;
  padding-bottom: 15px;
  padding-top: 15px;
  font-size: 14px;
  width: 100%;
  overflow: hidden;
  white-space: nowrap;
  text-align: center;
  padding-right: 300px;
}

.c2 {
  border-bottom: 2.75px solid #C4C4C4;
  padding-bottom: 15px;
  padding-top: 15px;
  font-size: 14px;
  text-align: left;
  width: 100%;
}

.c4 {
  border-bottom: 2.75px solid #C4C4C4;
  padding-bottom: 15px;
  padding-top: 15px;
  padding-right: 200px;
  font-size: 14px;
  font-weight: 500;
  overflow: hidden;
  white-space: nowrap;
  text-align: left;
  width: 100%;
}

.c6 {
  padding-top: 5px;
  padding-bottom: 2px;
  padding-right: 0px;
}

.c9 {
  border-bottom: 2.75px solid #C4C4C4;
  padding-bottom: 46.5px;
  padding-right: 0px;
  font-size: 14px;
  font-weight: 500;
}

.c5 {
  text-align: left;
}

.c8 {
  background-color: #4881F0;
  color: white;
  cursor: pointer;
  width: 50%;
  font-size: 0.75rem;
  padding: 10px 10px;
}

<div
  className="c0"
>
  <table
    className="c1"
  >
    <thead
      className=""
    >
      <tr>
        <th
          className="c2"
        >
          Name
        </th>
        <th
          className="c3"
        >
          Description
        </th>
        <th
          className="c3"
        >
          Customers
        </th>
      </tr>
    </thead>
    <tbody
      className=""
    >
      <tr>
        <td
          className="c4 c5"
        >
          List 1
        </td>
        <td
          className="c4"
        >
          Description of List 1
        </td>
        <td
          className="c4 c6"
        >
          <span
            onClick={[Function]}
            onMouseEnter={[Function]}
          >
            69 total customers
            <button
              className="c7 c8"
              disabled={false}
            >
              View Customers
            </button>
          </span>
        </td>
      </tr>
      <tr>
        <td
          className="c4 c5"
        >
          List 2
        </td>
        <td
          className="c4"
        >
          Description of List 2
        </td>
        <td
          className="c4 c6"
        >
          <span
            onClick={[Function]}
            onMouseEnter={[Function]}
          >
            42 total customers
            <button
              className="c7 c8"
              disabled={false}
            >
              View Customers
            </button>
          </span>
        </td>
      </tr>
      <tr>
        <td
          className="c9"
        />
        <td
          className="c9"
        />
        <td
          className="c9"
        />
        <td
          className="c9"
        />
        <td
          className="c9"
        />
        <td
          className="c9"
        />
        <td
          className="c9"
        />
        <td
          className="c9"
        />
      </tr>
      <tr>
        <td
          className="c9"
        />
        <td
          className="c9"
        />
        <td
          className="c9"
        />
        <td
          className="c9"
        />
        <td
          className="c9"
        />
        <td
          className="c9"
        />
        <td
          className="c9"
        />
        <td
          className="c9"
        />
      </tr>
      <tr>
        <td
          className="c9"
        />
        <td
          className="c9"
        />
        <td
          className="c9"
        />
        <td
          className="c9"
        />
        <td
          className="c9"
        />
        <td
          className="c9"
        />
        <td
          className="c9"
        />
        <td
          className="c9"
        />
      </tr>
      <tr>
        <td
          className="c9"
        />
        <td
          className="c9"
        />
        <td
          className="c9"
        />
        <td
          className="c9"
        />
        <td
          className="c9"
        />
        <td
          className="c9"
        />
        <td
          className="c9"
        />
        <td
          className="c9"
        />
      </tr>
      <tr>
        <td
          className="c9"
        />
        <td
          className="c9"
        />
        <td
          className="c9"
        />
        <td
          className="c9"
        />
        <td
          className="c9"
        />
        <td
          className="c9"
        />
        <td
          className="c9"
        />
        <td
          className="c9"
        />
      </tr>
    </tbody>
  </table>
  
</div>
`;
