// Jest Snapshot v1, https://goo.gl/fbAQLP

exports[`ErrorPopup renders correctly 1`] = `<div />`;

exports[`ErrorPopup renders correctly with message 1`] = `
.c0 {
  width: 100%;
  padding: 20px;
  background-color: #f44336;
  color: white;
  border-radius: 10px;
  opacity: 80%;
}

<div
  className="c0"
>
  Error
</div>
`;
