// Jest Snapshot v1, https://goo.gl/fbAQLP

exports[`<Slider/> renders correctly 1`] = `
.c0 {
  display: -webkit-box;
  display: -webkit-flex;
  display: -ms-flexbox;
  display: flex;
  -webkit-align-items: center;
  -webkit-box-align: center;
  -ms-flex-align: center;
  align-items: center;
  color: #888;
  margin-top: 2rem;
  margin-bottom: 2rem;
  width: 100%;
}

.c0 .value {
  -webkit-flex: 1;
  -ms-flex: 1;
  flex: 1;
  font-size: 2rem;
}

.c0 .slider {
  -webkit-flex: 6;
  -ms-flex: 6;
  flex: 6;
  -webkit-appearance: none;
  width: 100%;
  height: 15px;
  border-radius: 5px;
  background: #efefef;
  outline: none;
}

.c0 .slider::-webkit-slider-thumb {
  -webkit-appearance: none;
  -webkit-appearance: none;
  -moz-appearance: none;
  appearance: none;
  width: 25px;
  height: 25px;
  background: #4881F0;
  border-radius: 50%;
  cursor: pointer;
  -webkit-transition: .2s;
  -webkit-transition: opacity .2s;
  transition: opacity .2s;
}

.c0 .slider::-moz-range-thumb {
  width: 25px;
  height: 25px;
  background: #4881F0;
  border-radius: 50%;
  cursor: pointer;
  -webkit-transition: .2s;
  -webkit-transition: opacity .2s;
  transition: opacity .2s;
}

<div
  className="c0"
>
  <input
    aria-labelledby="continuous-slider"
    className="slider"
    max={5}
    min={1}
    onChange={[Function]}
    step={0.001}
    type="range"
    value={1}
  />
</div>
`;
