// Jest Snapshot v1, https://goo.gl/fbAQLP

exports[`Coupon preview renders correctly 1`] = `
.c10 {
  text-color: black;
  display: -webkit-box;
  display: -webkit-flex;
  display: -ms-flexbox;
  display: flex;
  opacity: 40%;
}

.c8 {
  width: 300px;
  padding: 30px;
  text-align: center;
}

.c13 {
  text-align: left;
}

.c11 {
  margin: 10px;
}

.c12 {
  border-radius: 30%;
  border: 2px solid black;
  margin-right: 5px;
  width: 40px;
  height: 40px;
  display: table-cell;
  vertical-align: middle;
  border-color: black;
}

.c9 {
  text-align: center;
  opacity: 40%;
}

.c0 {
  display: -webkit-box;
  display: -webkit-flex;
  display: -ms-flexbox;
  display: flex;
  -webkit-flex-direction: column;
  -ms-flex-direction: column;
  flex-direction: column;
  -webkit-align-items: center;
  -webkit-box-align: center;
  -ms-flex-align: center;
  align-items: center;
}

.c1 {
  font-size: 1rem;
  margin-bottom: 30px;
}

.c2 {
  height: 700px;
  border-radius: 20px;
  width: 350px;
  border: 2px solid #BEC8D2;
  position: relative;
  display: -webkit-box;
  display: -webkit-flex;
  display: -ms-flexbox;
  display: flex;
  -webkit-flex-direction: column;
  -ms-flex-direction: column;
  flex-direction: column;
  -webkit-align-items: center;
  -webkit-box-align: center;
  -ms-flex-align: center;
  align-items: center;
  padding: 60px 20px;
}

.c3 {
  position: absolute;
  top: -2px;
  left: 100px;
  width: 150px;
  height: 20px;
  background-color: white;
  border-radius: 0 0 10px 10px;
  border: 2px solid #BEC8D2;
  border-top: 0;
}

.c4 {
  border-radius: 100%;
  width: 100px;
  height: 100px;
  border: 4px solid #fff;
  margin-bottom: 40px;
}

.c5 {
  font-size: 1rem;
  margin-bottom: 10px;
  text-align: center;
}

.c6 {
  font-size: 1rem;
  margin-bottom: 40px;
  text-align: center;
}

.c7 {
  width: 150px;
  height: 150px;
  color: white;
  background-color: #fff;
  border-radius: 100%;
}

<div
  className="c0"
>
  <h2
    className="c1"
  >
    Phone preview
  </h2>
  <div
    className="c2"
  >
    <div
      className="c3"
    />
    <img
      className="c4"
    />
    <h1
      className="c5"
    >
      Coupon
    </h1>
    <p
      className="c6"
    >
      This is a sample coupon
    </p>
    <button
      className="c7"
    >
      Redeem
    </button>
    <div
      className="c8"
    >
      <div
        className="c9"
      >
        Valid for the next 
      </div>
      <div
        className="c10"
      >
        <div
          className="c11"
        >
          <div
            className="c12"
          >
            0
          </div>
          <p
            className="c13"
          >
            Days
          </p>
        </div>
        <div
          className="c11"
        >
          <div
            className="c12"
          >
            0
          </div>
          <p
            className="c13"
          >
            Hours
          </p>
        </div>
        <div
          className="c11"
        >
          <div
            className="c12"
          >
            0
          </div>
          <p
            className="c13"
          >
            Mins
          </p>
        </div>
        <div
          className="c11"
        >
          <div
            className="c12"
          >
            0
          </div>
          <p
            className="c13"
          >
            Secs
          </p>
        </div>
      </div>
    </div>
  </div>
</div>
`;
